{
  "uuid": "mockUUID",
  "cell": {
    "nucleus": {
      "uuid": "theCellId",
      "revision": 0
    },
    "script": ""
  },
  "data": {}
}