{
  "uuid": "mockUUID",
  "cell": {
    "nucleus": {
      "uuid": "theCellId",
      "revision": 0
    },
    "script": "5*5"
  },
  "data": 25
}