{
  "nucleus": {
    "uuid": "codeCell_00",
    "revision": 0
  },
  "script": "1 + 5"
}